Archive member included to satisfy reference by file (symbol)

/usr/lib/gcc/arm-none-eabi/13.2.1/libgcc.a(_udivsi3.o)
                              build/stdio.o (__aeabi_uidiv)
/usr/lib/gcc/arm-none-eabi/13.2.1/libgcc.a(_dvmd_tls.o)
                              /usr/lib/gcc/arm-none-eabi/13.2.1/libgcc.a(_udivsi3.o) (__aeabi_idiv0)

There are no discarded input sections

Memory Configuration

Name             Origin             Length             Attributes
*default*        0x00000000         0xffffffff

Linker script and memory map

LOAD build/Entry.os
LOAD build/Handler.o
LOAD build/Main.o
LOAD build/Interrupt.o
LOAD build/Regs.o
LOAD build/Timer.o
LOAD build/Uart.o
LOAD build/armcpu.o
LOAD build/stdio.o
LOAD build/stdlib.o
LOAD build/Kernel.o
LOAD build/event.o
LOAD build/task.o
LOAD /usr/lib/gcc/arm-none-eabi/13.2.1/libgcc.a
                0x00000000                        . = 0x0

.text           0x00000000     0x183c
 *(vector_start)
 *(.text .rodata)
 .text          0x00000000       0xd4 build/Entry.os
                0x00000000                vector_start
                0x0000003c                vector_end
 .text          0x000000d4       0x24 build/Handler.o
                0x000000d4                Irq_Handler
                0x000000f0                Fiq_Handler
 .text          0x000000f8      0x354 build/Main.o
                0x000000f8                main
                0x00000344                User_task0
                0x000003c4                User_task1
                0x0000041c                User_task2
 .rodata        0x0000044c      0x19e build/Main.o
 *fill*         0x000005ea        0x2 
 .text          0x000005ec      0x2f8 build/Interrupt.o
                0x000005ec                Hal_interrupt_init
                0x00000688                Hal_interrupt_enable
                0x00000754                Hal_interrupt_disable
                0x00000828                Hal_interrupt_register_handler
                0x00000860                Hal_interrupt_run_handler
 .text          0x000008e4        0x0 build/Regs.o
 .text          0x000008e4      0x210 build/Timer.o
                0x000008e4                Hal_timer_init
                0x00000a88                Hal_timer_get_1ms_counter
 .text          0x00000af4      0x1a0 build/Uart.o
                0x00000af4                Hal_uart_init
                0x00000b94                Hal_uart_put_char
                0x00000bf0                Hal_uart_get_char
 .text          0x00000c94       0xb0 build/armcpu.o
                0x00000c94                enable_irq
                0x00000cc0                enable_fiq
                0x00000cec                disable_irq
                0x00000d18                disable_fiq
 .text          0x00000d44      0x448 build/stdio.o
                0x00000d44                putstr
                0x00000da4                debug_printf
                0x00000df4                vsprintf
                0x00001074                utoa
 .rodata        0x0000118c        0x7 build/stdio.o
 *fill*         0x00001193        0x1 
 .text          0x00001194       0x4c build/stdlib.o
                0x00001194                delay
 .text          0x000011e0      0x14c build/Kernel.o
                0x000011e0                Kernel_start
                0x000011f4                Kernel_yield
                0x00001208                Kernel_send_events
                0x00001290                Kernel_wait_events
 .text          0x0000132c       0xf8 build/event.o
                0x0000132c                Kernel_event_flag_init
                0x00001354                Kernel_event_flag_set
                0x00001394                Kernel_event_flag_clear
                0x000013d8                Kernel_event_flag_check
 .text          0x00001424      0x300 build/task.o
                0x00001424                Kernel_task_init
                0x00001530                Kernel_task_start
                0x0000156c                Kernel_task_create
                0x00001680                Kernel_task_scheduler
                0x000016d0                Kernel_task_context_switching
 .text          0x00001724      0x114 /usr/lib/gcc/arm-none-eabi/13.2.1/libgcc.a(_udivsi3.o)
                0x00001724                __udivsi3
                0x00001724                __aeabi_uidiv
                0x00001818                __aeabi_uidivmod
 .text          0x00001838        0x4 /usr/lib/gcc/arm-none-eabi/13.2.1/libgcc.a(_dvmd_tls.o)
                0x00001838                __aeabi_ldiv0
                0x00001838                __aeabi_idiv0

.glue_7         0x0000183c        0x0
 .glue_7        0x0000183c        0x0 linker stubs

.glue_7t        0x0000183c        0x0
 .glue_7t       0x0000183c        0x0 linker stubs

.vfp11_veneer   0x0000183c        0x0
 .vfp11_veneer  0x0000183c        0x0 linker stubs

.v4_bx          0x0000183c        0x0
 .v4_bx         0x0000183c        0x0 linker stubs

.iplt           0x0000183c        0x0
 .iplt          0x0000183c        0x0 build/Entry.os

.rel.dyn        0x0000183c        0x0
 .rel.iplt      0x0000183c        0x0 build/Entry.os

.data           0x0000183c       0x10
 *(.data)
 .data          0x0000183c        0x0 build/Entry.os
 .data          0x0000183c        0x0 build/Handler.o
 .data          0x0000183c        0x0 build/Main.o
 .data          0x0000183c        0x0 build/Interrupt.o
 .data          0x0000183c       0x10 build/Regs.o
                0x0000183c                Uart
                0x00001840                GicCpu
                0x00001844                GicDist
                0x00001848                Timer
 .data          0x0000184c        0x0 build/Timer.o
 .data          0x0000184c        0x0 build/Uart.o
 .data          0x0000184c        0x0 build/armcpu.o
 .data          0x0000184c        0x0 build/stdio.o
 .data          0x0000184c        0x0 build/stdlib.o
 .data          0x0000184c        0x0 build/Kernel.o
 .data          0x0000184c        0x0 build/event.o
 .data          0x0000184c        0x0 build/task.o
 .data          0x0000184c        0x0 /usr/lib/gcc/arm-none-eabi/13.2.1/libgcc.a(_udivsi3.o)
 .data          0x0000184c        0x0 /usr/lib/gcc/arm-none-eabi/13.2.1/libgcc.a(_dvmd_tls.o)

.igot.plt       0x0000184c        0x0
 .igot.plt      0x0000184c        0x0 build/Entry.os

.bss            0x0000184c      0xa14
 *(.bss)
 .bss           0x0000184c        0x0 build/Entry.os
 .bss           0x0000184c        0x0 build/Handler.o
 .bss           0x0000184c        0x0 build/Main.o
 .bss           0x0000184c      0x3fc build/Interrupt.o
 .bss           0x00001c48        0x0 build/Regs.o
 .bss           0x00001c48        0x4 build/Timer.o
 .bss           0x00001c4c        0x0 build/Uart.o
 .bss           0x00001c4c        0x0 build/armcpu.o
 .bss           0x00001c4c      0x400 build/stdio.o
 .bss           0x0000204c        0x0 build/stdlib.o
 .bss           0x0000204c        0x0 build/Kernel.o
 .bss           0x0000204c        0x4 build/event.o
 .bss           0x00002050      0x210 build/task.o
 .bss           0x00002260        0x0 /usr/lib/gcc/arm-none-eabi/13.2.1/libgcc.a(_udivsi3.o)
 .bss           0x00002260        0x0 /usr/lib/gcc/arm-none-eabi/13.2.1/libgcc.a(_dvmd_tls.o)
OUTPUT(build/navilos.axf elf32-littlearm)
LOAD linker stubs

.ARM.attributes
                0x00000000       0x2b
 .ARM.attributes
                0x00000000       0x1d build/Entry.os
 .ARM.attributes
                0x0000001d       0x2f build/Handler.o
 .ARM.attributes
                0x0000004c       0x2f build/Main.o
 .ARM.attributes
                0x0000007b       0x2f build/Interrupt.o
 .ARM.attributes
                0x000000aa       0x2f build/Regs.o
 .ARM.attributes
                0x000000d9       0x2f build/Timer.o
 .ARM.attributes
                0x00000108       0x2f build/Uart.o
 .ARM.attributes
                0x00000137       0x2f build/armcpu.o
 .ARM.attributes
                0x00000166       0x2f build/stdio.o
 .ARM.attributes
                0x00000195       0x2f build/stdlib.o
 .ARM.attributes
                0x000001c4       0x2f build/Kernel.o
 .ARM.attributes
                0x000001f3       0x2f build/event.o
 .ARM.attributes
                0x00000222       0x2f build/task.o
 .ARM.attributes
                0x00000251       0x1c /usr/lib/gcc/arm-none-eabi/13.2.1/libgcc.a(_udivsi3.o)
 .ARM.attributes
                0x0000026d       0x1c /usr/lib/gcc/arm-none-eabi/13.2.1/libgcc.a(_dvmd_tls.o)

.comment        0x00000000       0x26
 .comment       0x00000000       0x26 build/Handler.o
                                 0x27 (size before relaxing)
 .comment       0x00000026       0x27 build/Main.o
 .comment       0x00000026       0x27 build/Interrupt.o
 .comment       0x00000026       0x27 build/Regs.o
 .comment       0x00000026       0x27 build/Timer.o
 .comment       0x00000026       0x27 build/Uart.o
 .comment       0x00000026       0x27 build/armcpu.o
 .comment       0x00000026       0x27 build/stdio.o
 .comment       0x00000026       0x27 build/stdlib.o
 .comment       0x00000026       0x27 build/Kernel.o
 .comment       0x00000026       0x27 build/event.o
 .comment       0x00000026       0x27 build/task.o

.debug_line     0x00000000      0xbc8
 .debug_line    0x00000000       0x7a build/Entry.os
 .debug_line    0x0000007a       0x5e build/Handler.o
 .debug_line    0x000000d8      0x1a1 build/Main.o
 .debug_line    0x00000279      0x12c build/Interrupt.o
 .debug_line    0x000003a5       0x68 build/Regs.o
 .debug_line    0x0000040d       0xf2 build/Timer.o
 .debug_line    0x000004ff      0x118 build/Uart.o
 .debug_line    0x00000617       0x67 build/armcpu.o
 .debug_line    0x0000067e      0x193 build/stdio.o
 .debug_line    0x00000811       0x80 build/stdlib.o
 .debug_line    0x00000891       0xde build/Kernel.o
 .debug_line    0x0000096f       0x87 build/event.o
 .debug_line    0x000009f6      0x121 build/task.o
 .debug_line    0x00000b17       0x67 /usr/lib/gcc/arm-none-eabi/13.2.1/libgcc.a(_udivsi3.o)
 .debug_line    0x00000b7e       0x4a /usr/lib/gcc/arm-none-eabi/13.2.1/libgcc.a(_dvmd_tls.o)

.debug_line_str
                0x00000000       0x9f
 .debug_line_str
                0x00000000       0x9f build/Entry.os
                                 0x21 (size before relaxing)
 .debug_line_str
                0x0000009f       0x7e /usr/lib/gcc/arm-none-eabi/13.2.1/libgcc.a(_udivsi3.o)
 .debug_line_str
                0x0000009f       0x7e /usr/lib/gcc/arm-none-eabi/13.2.1/libgcc.a(_dvmd_tls.o)

.debug_info     0x00000000     0x33a7
 .debug_info    0x00000000       0x25 build/Entry.os
 .debug_info    0x00000025       0x8b build/Handler.o
 .debug_info    0x000000b0      0x3fb build/Main.o
 .debug_info    0x000004ab      0x5b3 build/Interrupt.o
 .debug_info    0x00000a5e     0x108d build/Regs.o
 .debug_info    0x00001aeb      0x2a6 build/Timer.o
 .debug_info    0x00001d91      0xac5 build/Uart.o
 .debug_info    0x00002856       0x67 build/armcpu.o
 .debug_info    0x000028bd      0x2bd build/stdio.o
 .debug_info    0x00002b7a       0xa7 build/stdlib.o
 .debug_info    0x00002c21      0x289 build/Kernel.o
 .debug_info    0x00002eaa      0x222 build/event.o
 .debug_info    0x000030cc      0x261 build/task.o
 .debug_info    0x0000332d       0x3e /usr/lib/gcc/arm-none-eabi/13.2.1/libgcc.a(_udivsi3.o)
 .debug_info    0x0000336b       0x3c /usr/lib/gcc/arm-none-eabi/13.2.1/libgcc.a(_dvmd_tls.o)

.debug_abbrev   0x00000000      0xe17
 .debug_abbrev  0x00000000       0x14 build/Entry.os
 .debug_abbrev  0x00000014       0x6f build/Handler.o
 .debug_abbrev  0x00000083      0x178 build/Main.o
 .debug_abbrev  0x000001fb      0x1be build/Interrupt.o
 .debug_abbrev  0x000003b9      0x11d build/Regs.o
 .debug_abbrev  0x000004d6      0x15f build/Timer.o
 .debug_abbrev  0x00000635      0x1f7 build/Uart.o
 .debug_abbrev  0x0000082c       0x2f build/armcpu.o
 .debug_abbrev  0x0000085b      0x152 build/stdio.o
 .debug_abbrev  0x000009ad       0x89 build/stdlib.o
 .debug_abbrev  0x00000a36      0x145 build/Kernel.o
 .debug_abbrev  0x00000b7b       0xdf build/event.o
 .debug_abbrev  0x00000c5a      0x16f build/task.o
 .debug_abbrev  0x00000dc9       0x28 /usr/lib/gcc/arm-none-eabi/13.2.1/libgcc.a(_udivsi3.o)
 .debug_abbrev  0x00000df1       0x26 /usr/lib/gcc/arm-none-eabi/13.2.1/libgcc.a(_dvmd_tls.o)

.debug_aranges  0x00000000      0x1d8
 .debug_aranges
                0x00000000       0x20 build/Entry.os
 .debug_aranges
                0x00000020       0x20 build/Handler.o
 .debug_aranges
                0x00000040       0x20 build/Main.o
 .debug_aranges
                0x00000060       0x20 build/Interrupt.o
 .debug_aranges
                0x00000080       0x18 build/Regs.o
 .debug_aranges
                0x00000098       0x20 build/Timer.o
 .debug_aranges
                0x000000b8       0x20 build/Uart.o
 .debug_aranges
                0x000000d8       0x20 build/armcpu.o
 .debug_aranges
                0x000000f8       0x20 build/stdio.o
 .debug_aranges
                0x00000118       0x20 build/stdlib.o
 .debug_aranges
                0x00000138       0x20 build/Kernel.o
 .debug_aranges
                0x00000158       0x20 build/event.o
 .debug_aranges
                0x00000178       0x20 build/task.o
 .debug_aranges
                0x00000198       0x20 /usr/lib/gcc/arm-none-eabi/13.2.1/libgcc.a(_udivsi3.o)
 .debug_aranges
                0x000001b8       0x20 /usr/lib/gcc/arm-none-eabi/13.2.1/libgcc.a(_dvmd_tls.o)

.debug_str      0x00000000     0x105f
 .debug_str     0x00000000     0x105f build/Entry.os
                                 0x2d (size before relaxing)
 .debug_str     0x0000105f      0x12a build/Handler.o
 .debug_str     0x0000105f      0x60e build/Main.o
 .debug_str     0x0000105f      0x3bf build/Interrupt.o
 .debug_str     0x0000105f      0x6a5 build/Regs.o
 .debug_str     0x0000105f      0x29a build/Timer.o
 .debug_str     0x0000105f      0x816 build/Uart.o
 .debug_str     0x0000105f       0xbb build/armcpu.o
 .debug_str     0x0000105f      0x1a2 build/stdio.o
 .debug_str     0x0000105f      0x124 build/stdlib.o
 .debug_str     0x0000105f      0x556 build/Kernel.o
 .debug_str     0x0000105f      0x4f9 build/event.o
 .debug_str     0x0000105f      0x253 build/task.o
 .debug_str     0x0000105f       0xa5 /usr/lib/gcc/arm-none-eabi/13.2.1/libgcc.a(_udivsi3.o)
 .debug_str     0x0000105f       0xa6 /usr/lib/gcc/arm-none-eabi/13.2.1/libgcc.a(_dvmd_tls.o)

.debug_frame    0x00000000      0x670
 .debug_frame   0x00000000       0x50 build/Handler.o
 .debug_frame   0x00000050       0xfc build/Main.o
 .debug_frame   0x0000014c       0xb0 build/Interrupt.o
 .debug_frame   0x000001fc       0x70 build/Timer.o
 .debug_frame   0x0000026c       0x8c build/Uart.o
 .debug_frame   0x000002f8       0x90 build/armcpu.o
 .debug_frame   0x00000388       0xac build/stdio.o
 .debug_frame   0x00000434       0x30 build/stdlib.o
 .debug_frame   0x00000464       0x88 build/Kernel.o
 .debug_frame   0x000004ec       0x90 build/event.o
 .debug_frame   0x0000057c       0xd4 build/task.o
 .debug_frame   0x00000650       0x20 /usr/lib/gcc/arm-none-eabi/13.2.1/libgcc.a(_udivsi3.o)
