Archive member included to satisfy reference by file (symbol)

/usr/lib/gcc/arm-none-eabi/13.2.1/libgcc.a(_udivsi3.o)
                              build/stdio.o (__aeabi_uidiv)
/usr/lib/gcc/arm-none-eabi/13.2.1/libgcc.a(_dvmd_tls.o)
                              /usr/lib/gcc/arm-none-eabi/13.2.1/libgcc.a(_udivsi3.o) (__aeabi_idiv0)

There are no discarded input sections

Memory Configuration

Name             Origin             Length             Attributes
*default*        0x00000000         0xffffffff

Linker script and memory map

LOAD build/Entry.os
LOAD build/Handler.o
LOAD build/Main.o
LOAD build/Interrupt.o
LOAD build/Regs.o
LOAD build/Timer.o
LOAD build/Uart.o
LOAD build/armcpu.o
LOAD build/stdio.o
LOAD build/stdlib.o
LOAD build/Kernel.o
LOAD build/event.o
LOAD build/msg.o
LOAD build/synch.o
LOAD build/task.o
LOAD /usr/lib/gcc/arm-none-eabi/13.2.1/libgcc.a
                0x00000000                        . = 0x0

.text           0x00000000     0x2300
 *(vector_start)
 *(.text .rodata)
 .text          0x00000000       0xd4 build/Entry.os
                0x00000000                vector_start
                0x0000003c                vector_end
 .text          0x000000d4       0x24 build/Handler.o
                0x000000d4                Irq_Handler
                0x000000f0                Fiq_Handler
 .text          0x000000f8      0x4f8 build/Main.o
                0x000000f8                main
                0x000003c8                User_task0
                0x000004e0                User_task1
                0x000005b4                User_task2
 .rodata        0x000005f0      0x196 build/Main.o
 *fill*         0x00000786        0x2 
 .text          0x00000788      0x2f8 build/Interrupt.o
                0x00000788                Hal_interrupt_init
                0x00000824                Hal_interrupt_enable
                0x000008f0                Hal_interrupt_disable
                0x000009c4                Hal_interrupt_register_handler
                0x000009fc                Hal_interrupt_run_handler
 .text          0x00000a80        0x0 build/Regs.o
 .text          0x00000a80      0x210 build/Timer.o
                0x00000a80                Hal_timer_init
                0x00000c24                Hal_timer_get_1ms_counter
 .text          0x00000c90      0x1cc build/Uart.o
                0x00000c90                Hal_uart_init
                0x00000d30                Hal_uart_put_char
                0x00000d8c                Hal_uart_get_char
 .text          0x00000e5c       0xb0 build/armcpu.o
                0x00000e5c                enable_irq
                0x00000e88                enable_fiq
                0x00000eb4                disable_irq
                0x00000ee0                disable_fiq
 .text          0x00000f0c      0x448 build/stdio.o
                0x00000f0c                putstr
                0x00000f6c                debug_printf
                0x00000fbc                vsprintf
                0x0000123c                utoa
 .rodata        0x00001354        0x7 build/stdio.o
 *fill*         0x0000135b        0x1 
 .text          0x0000135c       0xa8 build/stdlib.o
                0x0000135c                delay
                0x000013a8                memclr
 .text          0x00001404      0x388 build/Kernel.o
                0x00001404                Kernel_start
                0x00001418                Kernel_yield
                0x0000142c                Kernel_send_events
                0x000014b4                Kernel_wait_events
                0x00001550                Kernel_send_msg
                0x00001628                Kernel_recv_msg
                0x000016bc                Kernel_lock_sem
                0x000016f0                Kernel_unlock_sem
                0x00001704                Kernel_lock_mutex
                0x0000174c                Kernel_unlock_mutex
 .text          0x0000178c       0xf8 build/event.o
                0x0000178c                Kernel_event_flag_init
                0x000017b4                Kernel_event_flag_set
                0x000017f4                Kernel_event_flag_clear
                0x00001838                Kernel_event_flag_check
 .text          0x00001884      0x41c build/msg.o
                0x00001884                Kernel_msgQ_init
                0x00001930                Kernel_msgQ_is_empty
                0x000019b8                Kernel_msgQ_is_full
                0x00001a48                Kernel_msgQ_enqueue
                0x00001b80                Kernel_msgQ_dequeue
 .text          0x00001ca0      0x224 build/synch.o
                0x00001ca0                Kernel_sem_init
                0x00001d18                Kernel_sem_test
                0x00001d6c                Kernel_sem_release
                0x00001dd8                Kernel_mutex_init
                0x00001e10                Kernel_mutex_lock
                0x00001e70                Kernel_mutex_unlock
 .text          0x00001ec4      0x324 build/task.o
                0x00001ec4                Kernel_task_init
                0x00001fd0                Kernel_task_start
                0x0000200c                Kernel_task_create
                0x00002120                Kernel_task_scheduler
                0x00002170                Kernel_task_context_switching
                0x000021bc                Kernel_task_get_current_task_id
 .text          0x000021e8      0x114 /usr/lib/gcc/arm-none-eabi/13.2.1/libgcc.a(_udivsi3.o)
                0x000021e8                __udivsi3
                0x000021e8                __aeabi_uidiv
                0x000022dc                __aeabi_uidivmod
 .text          0x000022fc        0x4 /usr/lib/gcc/arm-none-eabi/13.2.1/libgcc.a(_dvmd_tls.o)
                0x000022fc                __aeabi_ldiv0
                0x000022fc                __aeabi_idiv0

.glue_7         0x00002300        0x0
 .glue_7        0x00002300        0x0 linker stubs

.glue_7t        0x00002300        0x0
 .glue_7t       0x00002300        0x0 linker stubs

.vfp11_veneer   0x00002300        0x0
 .vfp11_veneer  0x00002300        0x0 linker stubs

.v4_bx          0x00002300        0x0
 .v4_bx         0x00002300        0x0 linker stubs

.iplt           0x00002300        0x0
 .iplt          0x00002300        0x0 build/Entry.os

.rel.dyn        0x00002300        0x0
 .rel.iplt      0x00002300        0x0 build/Entry.os

.data           0x00002300       0x10
 *(.data)
 .data          0x00002300        0x0 build/Entry.os
 .data          0x00002300        0x0 build/Handler.o
 .data          0x00002300        0x0 build/Main.o
 .data          0x00002300        0x0 build/Interrupt.o
 .data          0x00002300       0x10 build/Regs.o
                0x00002300                Uart
                0x00002304                GicCpu
                0x00002308                GicDist
                0x0000230c                Timer
 .data          0x00002310        0x0 build/Timer.o
 .data          0x00002310        0x0 build/Uart.o
 .data          0x00002310        0x0 build/armcpu.o
 .data          0x00002310        0x0 build/stdio.o
 .data          0x00002310        0x0 build/stdlib.o
 .data          0x00002310        0x0 build/Kernel.o
 .data          0x00002310        0x0 build/event.o
 .data          0x00002310        0x0 build/msg.o
 .data          0x00002310        0x0 build/synch.o
 .data          0x00002310        0x0 build/task.o
 .data          0x00002310        0x0 /usr/lib/gcc/arm-none-eabi/13.2.1/libgcc.a(_udivsi3.o)
 .data          0x00002310        0x0 /usr/lib/gcc/arm-none-eabi/13.2.1/libgcc.a(_dvmd_tls.o)

.igot.plt       0x00002310        0x0
 .igot.plt      0x00002310        0x0 build/Entry.os

.bss            0x00002310     0x1040
 *(.bss)
 .bss           0x00002310        0x0 build/Entry.os
 .bss           0x00002310        0x0 build/Handler.o
 .bss           0x00002310        0x4 build/Main.o
 .bss           0x00002314      0x3fc build/Interrupt.o
 .bss           0x00002710        0x0 build/Regs.o
 .bss           0x00002710        0x4 build/Timer.o
 .bss           0x00002714        0x0 build/Uart.o
 .bss           0x00002714        0x0 build/armcpu.o
 .bss           0x00002714      0x400 build/stdio.o
 .bss           0x00002b14        0x0 build/stdlib.o
 .bss           0x00002b14        0x0 build/Kernel.o
 .bss           0x00002b14        0x4 build/event.o
 .bss           0x00002b18      0x618 build/msg.o
 .bss           0x00003130       0x10 build/synch.o
 .bss           0x00003140      0x210 build/task.o
 .bss           0x00003350        0x0 /usr/lib/gcc/arm-none-eabi/13.2.1/libgcc.a(_udivsi3.o)
 .bss           0x00003350        0x0 /usr/lib/gcc/arm-none-eabi/13.2.1/libgcc.a(_dvmd_tls.o)
OUTPUT(build/navilos.axf elf32-littlearm)
LOAD linker stubs

.ARM.attributes
                0x00000000       0x2b
 .ARM.attributes
                0x00000000       0x1d build/Entry.os
 .ARM.attributes
                0x0000001d       0x2f build/Handler.o
 .ARM.attributes
                0x0000004c       0x2f build/Main.o
 .ARM.attributes
                0x0000007b       0x2f build/Interrupt.o
 .ARM.attributes
                0x000000aa       0x2f build/Regs.o
 .ARM.attributes
                0x000000d9       0x2f build/Timer.o
 .ARM.attributes
                0x00000108       0x2f build/Uart.o
 .ARM.attributes
                0x00000137       0x2f build/armcpu.o
 .ARM.attributes
                0x00000166       0x2f build/stdio.o
 .ARM.attributes
                0x00000195       0x2f build/stdlib.o
 .ARM.attributes
                0x000001c4       0x2f build/Kernel.o
 .ARM.attributes
                0x000001f3       0x2f build/event.o
 .ARM.attributes
                0x00000222       0x2f build/msg.o
 .ARM.attributes
                0x00000251       0x2f build/synch.o
 .ARM.attributes
                0x00000280       0x2f build/task.o
 .ARM.attributes
                0x000002af       0x1c /usr/lib/gcc/arm-none-eabi/13.2.1/libgcc.a(_udivsi3.o)
 .ARM.attributes
                0x000002cb       0x1c /usr/lib/gcc/arm-none-eabi/13.2.1/libgcc.a(_dvmd_tls.o)

.comment        0x00000000       0x26
 .comment       0x00000000       0x26 build/Handler.o
                                 0x27 (size before relaxing)
 .comment       0x00000026       0x27 build/Main.o
 .comment       0x00000026       0x27 build/Interrupt.o
 .comment       0x00000026       0x27 build/Regs.o
 .comment       0x00000026       0x27 build/Timer.o
 .comment       0x00000026       0x27 build/Uart.o
 .comment       0x00000026       0x27 build/armcpu.o
 .comment       0x00000026       0x27 build/stdio.o
 .comment       0x00000026       0x27 build/stdlib.o
 .comment       0x00000026       0x27 build/Kernel.o
 .comment       0x00000026       0x27 build/event.o
 .comment       0x00000026       0x27 build/msg.o
 .comment       0x00000026       0x27 build/synch.o
 .comment       0x00000026       0x27 build/task.o

.debug_line     0x00000000      0xf45
 .debug_line    0x00000000       0x7a build/Entry.os
 .debug_line    0x0000007a       0x5e build/Handler.o
 .debug_line    0x000000d8      0x1fb build/Main.o
 .debug_line    0x000002d3      0x12c build/Interrupt.o
 .debug_line    0x000003ff       0x68 build/Regs.o
 .debug_line    0x00000467       0xf2 build/Timer.o
 .debug_line    0x00000559      0x137 build/Uart.o
 .debug_line    0x00000690       0x67 build/armcpu.o
 .debug_line    0x000006f7      0x193 build/stdio.o
 .debug_line    0x0000088a       0x96 build/stdlib.o
 .debug_line    0x00000920      0x1d2 build/Kernel.o
 .debug_line    0x00000af2       0x87 build/event.o
 .debug_line    0x00000b79      0x11c build/msg.o
 .debug_line    0x00000c95       0xd7 build/synch.o
 .debug_line    0x00000d6c      0x128 build/task.o
 .debug_line    0x00000e94       0x67 /usr/lib/gcc/arm-none-eabi/13.2.1/libgcc.a(_udivsi3.o)
 .debug_line    0x00000efb       0x4a /usr/lib/gcc/arm-none-eabi/13.2.1/libgcc.a(_dvmd_tls.o)

.debug_line_str
                0x00000000       0x9f
 .debug_line_str
                0x00000000       0x9f build/Entry.os
                                 0x21 (size before relaxing)
 .debug_line_str
                0x0000009f       0x7e /usr/lib/gcc/arm-none-eabi/13.2.1/libgcc.a(_udivsi3.o)
 .debug_line_str
                0x0000009f       0x7e /usr/lib/gcc/arm-none-eabi/13.2.1/libgcc.a(_dvmd_tls.o)

.debug_info     0x00000000     0x3bd0
 .debug_info    0x00000000       0x25 build/Entry.os
 .debug_info    0x00000025       0x8b build/Handler.o
 .debug_info    0x000000b0      0x557 build/Main.o
 .debug_info    0x00000607      0x5b3 build/Interrupt.o
 .debug_info    0x00000bba     0x108d build/Regs.o
 .debug_info    0x00001c47      0x2a6 build/Timer.o
 .debug_info    0x00001eed      0xb21 build/Uart.o
 .debug_info    0x00002a0e       0x67 build/armcpu.o
 .debug_info    0x00002a75      0x2bd build/stdio.o
 .debug_info    0x00002d32       0xf9 build/stdlib.o
 .debug_info    0x00002e2b      0x4b5 build/Kernel.o
 .debug_info    0x000032e0      0x222 build/event.o
 .debug_info    0x00003502      0x254 build/msg.o
 .debug_info    0x00003756      0x189 build/synch.o
 .debug_info    0x000038df      0x277 build/task.o
 .debug_info    0x00003b56       0x3e /usr/lib/gcc/arm-none-eabi/13.2.1/libgcc.a(_udivsi3.o)
 .debug_info    0x00003b94       0x3c /usr/lib/gcc/arm-none-eabi/13.2.1/libgcc.a(_dvmd_tls.o)

.debug_abbrev   0x00000000     0x116c
 .debug_abbrev  0x00000000       0x14 build/Entry.os
 .debug_abbrev  0x00000014       0x6f build/Handler.o
 .debug_abbrev  0x00000083      0x1b5 build/Main.o
 .debug_abbrev  0x00000238      0x1be build/Interrupt.o
 .debug_abbrev  0x000003f6      0x11d build/Regs.o
 .debug_abbrev  0x00000513      0x15f build/Timer.o
 .debug_abbrev  0x00000672      0x217 build/Uart.o
 .debug_abbrev  0x00000889       0x2f build/armcpu.o
 .debug_abbrev  0x000008b8      0x152 build/stdio.o
 .debug_abbrev  0x00000a0a       0xd8 build/stdlib.o
 .debug_abbrev  0x00000ae2      0x174 build/Kernel.o
 .debug_abbrev  0x00000c56       0xdf build/event.o
 .debug_abbrev  0x00000d35      0x160 build/msg.o
 .debug_abbrev  0x00000e95       0xff build/synch.o
 .debug_abbrev  0x00000f94      0x18a build/task.o
 .debug_abbrev  0x0000111e       0x28 /usr/lib/gcc/arm-none-eabi/13.2.1/libgcc.a(_udivsi3.o)
 .debug_abbrev  0x00001146       0x26 /usr/lib/gcc/arm-none-eabi/13.2.1/libgcc.a(_dvmd_tls.o)

.debug_aranges  0x00000000      0x218
 .debug_aranges
                0x00000000       0x20 build/Entry.os
 .debug_aranges
                0x00000020       0x20 build/Handler.o
 .debug_aranges
                0x00000040       0x20 build/Main.o
 .debug_aranges
                0x00000060       0x20 build/Interrupt.o
 .debug_aranges
                0x00000080       0x18 build/Regs.o
 .debug_aranges
                0x00000098       0x20 build/Timer.o
 .debug_aranges
                0x000000b8       0x20 build/Uart.o
 .debug_aranges
                0x000000d8       0x20 build/armcpu.o
 .debug_aranges
                0x000000f8       0x20 build/stdio.o
 .debug_aranges
                0x00000118       0x20 build/stdlib.o
 .debug_aranges
                0x00000138       0x20 build/Kernel.o
 .debug_aranges
                0x00000158       0x20 build/event.o
 .debug_aranges
                0x00000178       0x20 build/msg.o
 .debug_aranges
                0x00000198       0x20 build/synch.o
 .debug_aranges
                0x000001b8       0x20 build/task.o
 .debug_aranges
                0x000001d8       0x20 /usr/lib/gcc/arm-none-eabi/13.2.1/libgcc.a(_udivsi3.o)
 .debug_aranges
                0x000001f8       0x20 /usr/lib/gcc/arm-none-eabi/13.2.1/libgcc.a(_dvmd_tls.o)

.debug_str      0x00000000     0x12e4
 .debug_str     0x00000000     0x12e4 build/Entry.os
                                 0x2d (size before relaxing)
 .debug_str     0x000012e4      0x12a build/Handler.o
 .debug_str     0x000012e4      0x717 build/Main.o
 .debug_str     0x000012e4      0x3bf build/Interrupt.o
 .debug_str     0x000012e4      0x6a5 build/Regs.o
 .debug_str     0x000012e4      0x29a build/Timer.o
 .debug_str     0x000012e4      0x877 build/Uart.o
 .debug_str     0x000012e4       0xbb build/armcpu.o
 .debug_str     0x000012e4      0x1a2 build/stdio.o
 .debug_str     0x000012e4      0x139 build/stdlib.o
 .debug_str     0x000012e4      0x6cc build/Kernel.o
 .debug_str     0x000012e4      0x4f9 build/event.o
 .debug_str     0x000012e4      0x1fd build/msg.o
 .debug_str     0x000012e4      0x1a7 build/synch.o
 .debug_str     0x000012e4      0x273 build/task.o
 .debug_str     0x000012e4       0xa5 /usr/lib/gcc/arm-none-eabi/13.2.1/libgcc.a(_udivsi3.o)
 .debug_str     0x000012e4       0xa6 /usr/lib/gcc/arm-none-eabi/13.2.1/libgcc.a(_dvmd_tls.o)

.debug_frame    0x00000000      0x908
 .debug_frame   0x00000000       0x50 build/Handler.o
 .debug_frame   0x00000050      0x11c build/Main.o
 .debug_frame   0x0000016c       0xb0 build/Interrupt.o
 .debug_frame   0x0000021c       0x70 build/Timer.o
 .debug_frame   0x0000028c       0x8c build/Uart.o
 .debug_frame   0x00000318       0x90 build/armcpu.o
 .debug_frame   0x000003a8       0xac build/stdio.o
 .debug_frame   0x00000454       0x50 build/stdlib.o
 .debug_frame   0x000004a4      0x140 build/Kernel.o
 .debug_frame   0x000005e4       0x90 build/event.o
 .debug_frame   0x00000674       0xb0 build/msg.o
 .debug_frame   0x00000724       0xd0 build/synch.o
 .debug_frame   0x000007f4       0xf4 build/task.o
 .debug_frame   0x000008e8       0x20 /usr/lib/gcc/arm-none-eabi/13.2.1/libgcc.a(_udivsi3.o)

.debug_rnglists
                0x00000000       0x17
 .debug_rnglists
                0x00000000       0x17 build/Kernel.o
