Archive member included to satisfy reference by file (symbol)

/usr/lib/gcc/arm-none-eabi/13.2.1/libgcc.a(_udivsi3.o)
                              build/stdio.o (__aeabi_uidiv)
/usr/lib/gcc/arm-none-eabi/13.2.1/libgcc.a(_dvmd_tls.o)
                              /usr/lib/gcc/arm-none-eabi/13.2.1/libgcc.a(_udivsi3.o) (__aeabi_idiv0)

There are no discarded input sections

Memory Configuration

Name             Origin             Length             Attributes
*default*        0x00000000         0xffffffff

Linker script and memory map

LOAD build/Entry.os
LOAD build/Handler.o
LOAD build/Main.o
LOAD build/Interrupt.o
LOAD build/Regs.o
LOAD build/Timer.o
LOAD build/Uart.o
LOAD build/armcpu.o
LOAD build/stdio.o
LOAD build/stdlib.o
LOAD build/Kernel.o
LOAD build/task.o
LOAD /usr/lib/gcc/arm-none-eabi/13.2.1/libgcc.a
                0x00000000                        . = 0x0

.text           0x00000000     0x1538
 *(vector_start)
 *(.text .rodata)
 .text          0x00000000       0xd4 build/Entry.os
                0x00000000                vector_start
                0x0000003c                vector_end
 .text          0x000000d4       0x24 build/Handler.o
                0x000000d4                Irq_Handler
                0x000000f0                Fiq_Handler
 .text          0x000000f8      0x2d8 build/Main.o
                0x000000f8                main
                0x00000340                User_task0
                0x00000370                User_task1
                0x000003a0                User_task2
 .rodata        0x000003d0      0x14e build/Main.o
 *fill*         0x0000051e        0x2 
 .text          0x00000520      0x2f8 build/Interrupt.o
                0x00000520                Hal_interrupt_init
                0x000005bc                Hal_interrupt_enable
                0x00000688                Hal_interrupt_disable
                0x0000075c                Hal_interrupt_register_handler
                0x00000794                Hal_interrupt_run_handler
 .text          0x00000818        0x0 build/Regs.o
 .text          0x00000818      0x210 build/Timer.o
                0x00000818                Hal_timer_init
                0x000009bc                Hal_timer_get_1ms_counter
 .text          0x00000a28      0x184 build/Uart.o
                0x00000a28                Hal_uart_init
                0x00000ac8                Hal_uart_put_char
                0x00000b24                Hal_uart_get_char
 .text          0x00000bac       0xb0 build/armcpu.o
                0x00000bac                enable_irq
                0x00000bd8                enable_fiq
                0x00000c04                disable_irq
                0x00000c30                disable_fiq
 .text          0x00000c5c      0x448 build/stdio.o
                0x00000c5c                putstr
                0x00000cbc                debug_printf
                0x00000d0c                vsprintf
                0x00000f8c                utoa
 .rodata        0x000010a4        0x7 build/stdio.o
 *fill*         0x000010ab        0x1 
 .text          0x000010ac       0x4c build/stdlib.o
                0x000010ac                delay
 .text          0x000010f8       0x28 build/Kernel.o
                0x000010f8                Kernel_start
                0x0000110c                Kernel_yield
 .text          0x00001120      0x300 build/task.o
                0x00001120                Kernel_task_init
                0x0000122c                Kernel_task_start
                0x00001268                Kernel_task_create
                0x0000137c                Kernel_task_scheduler
                0x000013cc                Kernel_task_context_switching
 .text          0x00001420      0x114 /usr/lib/gcc/arm-none-eabi/13.2.1/libgcc.a(_udivsi3.o)
                0x00001420                __udivsi3
                0x00001420                __aeabi_uidiv
                0x00001514                __aeabi_uidivmod
 .text          0x00001534        0x4 /usr/lib/gcc/arm-none-eabi/13.2.1/libgcc.a(_dvmd_tls.o)
                0x00001534                __aeabi_ldiv0
                0x00001534                __aeabi_idiv0

.glue_7         0x00001538        0x0
 .glue_7        0x00001538        0x0 linker stubs

.glue_7t        0x00001538        0x0
 .glue_7t       0x00001538        0x0 linker stubs

.vfp11_veneer   0x00001538        0x0
 .vfp11_veneer  0x00001538        0x0 linker stubs

.v4_bx          0x00001538        0x0
 .v4_bx         0x00001538        0x0 linker stubs

.iplt           0x00001538        0x0
 .iplt          0x00001538        0x0 build/Entry.os

.rel.dyn        0x00001538        0x0
 .rel.iplt      0x00001538        0x0 build/Entry.os

.data           0x00001538       0x10
 *(.data)
 .data          0x00001538        0x0 build/Entry.os
 .data          0x00001538        0x0 build/Handler.o
 .data          0x00001538        0x0 build/Main.o
 .data          0x00001538        0x0 build/Interrupt.o
 .data          0x00001538       0x10 build/Regs.o
                0x00001538                Uart
                0x0000153c                GicCpu
                0x00001540                GicDist
                0x00001544                Timer
 .data          0x00001548        0x0 build/Timer.o
 .data          0x00001548        0x0 build/Uart.o
 .data          0x00001548        0x0 build/armcpu.o
 .data          0x00001548        0x0 build/stdio.o
 .data          0x00001548        0x0 build/stdlib.o
 .data          0x00001548        0x0 build/Kernel.o
 .data          0x00001548        0x0 build/task.o
 .data          0x00001548        0x0 /usr/lib/gcc/arm-none-eabi/13.2.1/libgcc.a(_udivsi3.o)
 .data          0x00001548        0x0 /usr/lib/gcc/arm-none-eabi/13.2.1/libgcc.a(_dvmd_tls.o)

.igot.plt       0x00001548        0x0
 .igot.plt      0x00001548        0x0 build/Entry.os

.bss            0x00001548      0xa10
 *(.bss)
 .bss           0x00001548        0x0 build/Entry.os
 .bss           0x00001548        0x0 build/Handler.o
 .bss           0x00001548        0x0 build/Main.o
 .bss           0x00001548      0x3fc build/Interrupt.o
 .bss           0x00001944        0x0 build/Regs.o
 .bss           0x00001944        0x4 build/Timer.o
 .bss           0x00001948        0x0 build/Uart.o
 .bss           0x00001948        0x0 build/armcpu.o
 .bss           0x00001948      0x400 build/stdio.o
 .bss           0x00001d48        0x0 build/stdlib.o
 .bss           0x00001d48        0x0 build/Kernel.o
 .bss           0x00001d48      0x210 build/task.o
 .bss           0x00001f58        0x0 /usr/lib/gcc/arm-none-eabi/13.2.1/libgcc.a(_udivsi3.o)
 .bss           0x00001f58        0x0 /usr/lib/gcc/arm-none-eabi/13.2.1/libgcc.a(_dvmd_tls.o)
OUTPUT(build/navilos.axf elf32-littlearm)
LOAD linker stubs

.ARM.attributes
                0x00000000       0x2b
 .ARM.attributes
                0x00000000       0x1d build/Entry.os
 .ARM.attributes
                0x0000001d       0x2f build/Handler.o
 .ARM.attributes
                0x0000004c       0x2f build/Main.o
 .ARM.attributes
                0x0000007b       0x2f build/Interrupt.o
 .ARM.attributes
                0x000000aa       0x2f build/Regs.o
 .ARM.attributes
                0x000000d9       0x2f build/Timer.o
 .ARM.attributes
                0x00000108       0x2f build/Uart.o
 .ARM.attributes
                0x00000137       0x2f build/armcpu.o
 .ARM.attributes
                0x00000166       0x2f build/stdio.o
 .ARM.attributes
                0x00000195       0x2f build/stdlib.o
 .ARM.attributes
                0x000001c4       0x2f build/Kernel.o
 .ARM.attributes
                0x000001f3       0x2f build/task.o
 .ARM.attributes
                0x00000222       0x1c /usr/lib/gcc/arm-none-eabi/13.2.1/libgcc.a(_udivsi3.o)
 .ARM.attributes
                0x0000023e       0x1c /usr/lib/gcc/arm-none-eabi/13.2.1/libgcc.a(_dvmd_tls.o)

.comment        0x00000000       0x26
 .comment       0x00000000       0x26 build/Handler.o
                                 0x27 (size before relaxing)
 .comment       0x00000026       0x27 build/Main.o
 .comment       0x00000026       0x27 build/Interrupt.o
 .comment       0x00000026       0x27 build/Regs.o
 .comment       0x00000026       0x27 build/Timer.o
 .comment       0x00000026       0x27 build/Uart.o
 .comment       0x00000026       0x27 build/armcpu.o
 .comment       0x00000026       0x27 build/stdio.o
 .comment       0x00000026       0x27 build/stdlib.o
 .comment       0x00000026       0x27 build/Kernel.o
 .comment       0x00000026       0x27 build/task.o

.debug_line     0x00000000      0xa66
 .debug_line    0x00000000       0x7a build/Entry.os
 .debug_line    0x0000007a       0x5e build/Handler.o
 .debug_line    0x000000d8      0x173 build/Main.o
 .debug_line    0x0000024b      0x12c build/Interrupt.o
 .debug_line    0x00000377       0x68 build/Regs.o
 .debug_line    0x000003df       0xf2 build/Timer.o
 .debug_line    0x000004d1       0xf3 build/Uart.o
 .debug_line    0x000005c4       0x67 build/armcpu.o
 .debug_line    0x0000062b      0x193 build/stdio.o
 .debug_line    0x000007be       0x80 build/stdlib.o
 .debug_line    0x0000083e       0x56 build/Kernel.o
 .debug_line    0x00000894      0x121 build/task.o
 .debug_line    0x000009b5       0x67 /usr/lib/gcc/arm-none-eabi/13.2.1/libgcc.a(_udivsi3.o)
 .debug_line    0x00000a1c       0x4a /usr/lib/gcc/arm-none-eabi/13.2.1/libgcc.a(_dvmd_tls.o)

.debug_line_str
                0x00000000       0x9f
 .debug_line_str
                0x00000000       0x9f build/Entry.os
                                 0x21 (size before relaxing)
 .debug_line_str
                0x0000009f       0x7e /usr/lib/gcc/arm-none-eabi/13.2.1/libgcc.a(_udivsi3.o)
 .debug_line_str
                0x0000009f       0x7e /usr/lib/gcc/arm-none-eabi/13.2.1/libgcc.a(_dvmd_tls.o)

.debug_info     0x00000000     0x2ce5
 .debug_info    0x00000000       0x25 build/Entry.os
 .debug_info    0x00000025       0x8b build/Handler.o
 .debug_info    0x000000b0      0x27d build/Main.o
 .debug_info    0x0000032d      0x5b3 build/Interrupt.o
 .debug_info    0x000008e0     0x108d build/Regs.o
 .debug_info    0x0000196d      0x2a6 build/Timer.o
 .debug_info    0x00001c13      0x9a1 build/Uart.o
 .debug_info    0x000025b4       0x67 build/armcpu.o
 .debug_info    0x0000261b      0x2bd build/stdio.o
 .debug_info    0x000028d8       0xa7 build/stdlib.o
 .debug_info    0x0000297f       0x8b build/Kernel.o
 .debug_info    0x00002a0a      0x261 build/task.o
 .debug_info    0x00002c6b       0x3e /usr/lib/gcc/arm-none-eabi/13.2.1/libgcc.a(_udivsi3.o)
 .debug_info    0x00002ca9       0x3c /usr/lib/gcc/arm-none-eabi/13.2.1/libgcc.a(_dvmd_tls.o)

.debug_abbrev   0x00000000      0xbef
 .debug_abbrev  0x00000000       0x14 build/Entry.os
 .debug_abbrev  0x00000014       0x6f build/Handler.o
 .debug_abbrev  0x00000083      0x149 build/Main.o
 .debug_abbrev  0x000001cc      0x1be build/Interrupt.o
 .debug_abbrev  0x0000038a      0x11d build/Regs.o
 .debug_abbrev  0x000004a7      0x15f build/Timer.o
 .debug_abbrev  0x00000606      0x1c8 build/Uart.o
 .debug_abbrev  0x000007ce       0x2f build/armcpu.o
 .debug_abbrev  0x000007fd      0x152 build/stdio.o
 .debug_abbrev  0x0000094f       0x89 build/stdlib.o
 .debug_abbrev  0x000009d8       0x5a build/Kernel.o
 .debug_abbrev  0x00000a32      0x16f build/task.o
 .debug_abbrev  0x00000ba1       0x28 /usr/lib/gcc/arm-none-eabi/13.2.1/libgcc.a(_udivsi3.o)
 .debug_abbrev  0x00000bc9       0x26 /usr/lib/gcc/arm-none-eabi/13.2.1/libgcc.a(_dvmd_tls.o)

.debug_aranges  0x00000000      0x1b8
 .debug_aranges
                0x00000000       0x20 build/Entry.os
 .debug_aranges
                0x00000020       0x20 build/Handler.o
 .debug_aranges
                0x00000040       0x20 build/Main.o
 .debug_aranges
                0x00000060       0x20 build/Interrupt.o
 .debug_aranges
                0x00000080       0x18 build/Regs.o
 .debug_aranges
                0x00000098       0x20 build/Timer.o
 .debug_aranges
                0x000000b8       0x20 build/Uart.o
 .debug_aranges
                0x000000d8       0x20 build/armcpu.o
 .debug_aranges
                0x000000f8       0x20 build/stdio.o
 .debug_aranges
                0x00000118       0x20 build/stdlib.o
 .debug_aranges
                0x00000138       0x20 build/Kernel.o
 .debug_aranges
                0x00000158       0x20 build/task.o
 .debug_aranges
                0x00000178       0x20 /usr/lib/gcc/arm-none-eabi/13.2.1/libgcc.a(_udivsi3.o)
 .debug_aranges
                0x00000198       0x20 /usr/lib/gcc/arm-none-eabi/13.2.1/libgcc.a(_dvmd_tls.o)

.debug_str      0x00000000      0xbca
 .debug_str     0x00000000      0xbca build/Entry.os
                                 0x2d (size before relaxing)
 .debug_str     0x00000bca      0x12a build/Handler.o
 .debug_str     0x00000bca      0x249 build/Main.o
 .debug_str     0x00000bca      0x3bf build/Interrupt.o
 .debug_str     0x00000bca      0x6a5 build/Regs.o
 .debug_str     0x00000bca      0x29a build/Timer.o
 .debug_str     0x00000bca      0x488 build/Uart.o
 .debug_str     0x00000bca       0xbb build/armcpu.o
 .debug_str     0x00000bca      0x1a2 build/stdio.o
 .debug_str     0x00000bca      0x124 build/stdlib.o
 .debug_str     0x00000bca      0x13b build/Kernel.o
 .debug_str     0x00000bca      0x253 build/task.o
 .debug_str     0x00000bca       0xa5 /usr/lib/gcc/arm-none-eabi/13.2.1/libgcc.a(_udivsi3.o)
 .debug_str     0x00000bca       0xa6 /usr/lib/gcc/arm-none-eabi/13.2.1/libgcc.a(_dvmd_tls.o)

.debug_frame    0x00000000      0x5a0
 .debug_frame   0x00000000       0x50 build/Handler.o
 .debug_frame   0x00000050       0xfc build/Main.o
 .debug_frame   0x0000014c       0xb0 build/Interrupt.o
 .debug_frame   0x000001fc       0x70 build/Timer.o
 .debug_frame   0x0000026c       0x8c build/Uart.o
 .debug_frame   0x000002f8       0x90 build/armcpu.o
 .debug_frame   0x00000388       0xac build/stdio.o
 .debug_frame   0x00000434       0x30 build/stdlib.o
 .debug_frame   0x00000464       0x48 build/Kernel.o
 .debug_frame   0x000004ac       0xd4 build/task.o
 .debug_frame   0x00000580       0x20 /usr/lib/gcc/arm-none-eabi/13.2.1/libgcc.a(_udivsi3.o)
