Archive member included to satisfy reference by file (symbol)

/usr/lib/gcc/arm-none-eabi/13.2.1/libgcc.a(_udivsi3.o)
                              build/stdio.o (__aeabi_uidiv)
/usr/lib/gcc/arm-none-eabi/13.2.1/libgcc.a(_dvmd_tls.o)
                              /usr/lib/gcc/arm-none-eabi/13.2.1/libgcc.a(_udivsi3.o) (__aeabi_idiv0)

There are no discarded input sections

Memory Configuration

Name             Origin             Length             Attributes
*default*        0x00000000         0xffffffff

Linker script and memory map

LOAD build/Entry.os
LOAD build/Main.o
LOAD build/Regs.o
LOAD build/Uart.o
LOAD build/stdio.o
LOAD /usr/lib/gcc/arm-none-eabi/13.2.1/libgcc.a
                0x00000000                        . = 0x0

.text           0x00000000      0x964
 *(vector_start)
 *(.text .rodata)
 .text          0x00000000       0xd4 build/Entry.os
                0x00000000                vector_start
                0x0000003c                vector_end
 .text          0x000000d4      0x160 build/Main.o
                0x000000d4                main
 .rodata        0x00000234       0x9b build/Main.o
 .text          0x000002cf        0x0 build/Regs.o
 *fill*         0x000002cf        0x1 
 .text          0x000002d0      0x12c build/Uart.o
                0x000002d0                Hal_uart_init
                0x00000348                Hal_uart_put_char
                0x000003a4                Hal_uart_get_char
 .text          0x000003fc      0x448 build/stdio.o
                0x000003fc                putstr
                0x0000045c                debug_printf
                0x000004ac                vsprintf
                0x0000072c                utoa
 .rodata        0x00000844        0x7 build/stdio.o
 *fill*         0x0000084b        0x1 
 .text          0x0000084c      0x114 /usr/lib/gcc/arm-none-eabi/13.2.1/libgcc.a(_udivsi3.o)
                0x0000084c                __udivsi3
                0x0000084c                __aeabi_uidiv
                0x00000940                __aeabi_uidivmod
 .text          0x00000960        0x4 /usr/lib/gcc/arm-none-eabi/13.2.1/libgcc.a(_dvmd_tls.o)
                0x00000960                __aeabi_ldiv0
                0x00000960                __aeabi_idiv0

.glue_7         0x00000964        0x0
 .glue_7        0x00000964        0x0 linker stubs

.glue_7t        0x00000964        0x0
 .glue_7t       0x00000964        0x0 linker stubs

.vfp11_veneer   0x00000964        0x0
 .vfp11_veneer  0x00000964        0x0 linker stubs

.v4_bx          0x00000964        0x0
 .v4_bx         0x00000964        0x0 linker stubs

.iplt           0x00000964        0x0
 .iplt          0x00000964        0x0 build/Entry.os

.rel.dyn        0x00000964        0x0
 .rel.iplt      0x00000964        0x0 build/Entry.os

.data           0x00000964        0x4
 *(.data)
 .data          0x00000964        0x0 build/Entry.os
 .data          0x00000964        0x0 build/Main.o
 .data          0x00000964        0x4 build/Regs.o
                0x00000964                Uart
 .data          0x00000968        0x0 build/Uart.o
 .data          0x00000968        0x0 build/stdio.o
 .data          0x00000968        0x0 /usr/lib/gcc/arm-none-eabi/13.2.1/libgcc.a(_udivsi3.o)
 .data          0x00000968        0x0 /usr/lib/gcc/arm-none-eabi/13.2.1/libgcc.a(_dvmd_tls.o)

.igot.plt       0x00000968        0x0
 .igot.plt      0x00000968        0x0 build/Entry.os

.bss            0x00000968      0x400
 *(.bss)
 .bss           0x00000968        0x0 build/Entry.os
 .bss           0x00000968        0x0 build/Main.o
 .bss           0x00000968        0x0 build/Regs.o
 .bss           0x00000968        0x0 build/Uart.o
 .bss           0x00000968      0x400 build/stdio.o
 .bss           0x00000d68        0x0 /usr/lib/gcc/arm-none-eabi/13.2.1/libgcc.a(_udivsi3.o)
 .bss           0x00000d68        0x0 /usr/lib/gcc/arm-none-eabi/13.2.1/libgcc.a(_dvmd_tls.o)
OUTPUT(build/navilos.axf elf32-littlearm)
LOAD linker stubs

.ARM.attributes
                0x00000000       0x2b
 .ARM.attributes
                0x00000000       0x1d build/Entry.os
 .ARM.attributes
                0x0000001d       0x2f build/Main.o
 .ARM.attributes
                0x0000004c       0x2f build/Regs.o
 .ARM.attributes
                0x0000007b       0x2f build/Uart.o
 .ARM.attributes
                0x000000aa       0x2f build/stdio.o
 .ARM.attributes
                0x000000d9       0x1c /usr/lib/gcc/arm-none-eabi/13.2.1/libgcc.a(_udivsi3.o)
 .ARM.attributes
                0x000000f5       0x1c /usr/lib/gcc/arm-none-eabi/13.2.1/libgcc.a(_dvmd_tls.o)

.comment        0x00000000       0x26
 .comment       0x00000000       0x26 build/Main.o
                                 0x27 (size before relaxing)
 .comment       0x00000026       0x27 build/Regs.o
 .comment       0x00000026       0x27 build/Uart.o
 .comment       0x00000026       0x27 build/stdio.o

.debug_line     0x00000000      0x490
 .debug_line    0x00000000       0x7a build/Entry.os
 .debug_line    0x0000007a       0xbd build/Main.o
 .debug_line    0x00000137       0x4e build/Regs.o
 .debug_line    0x00000185       0xc7 build/Uart.o
 .debug_line    0x0000024c      0x193 build/stdio.o
 .debug_line    0x000003df       0x67 /usr/lib/gcc/arm-none-eabi/13.2.1/libgcc.a(_udivsi3.o)
 .debug_line    0x00000446       0x4a /usr/lib/gcc/arm-none-eabi/13.2.1/libgcc.a(_dvmd_tls.o)

.debug_line_str
                0x00000000       0x9f
 .debug_line_str
                0x00000000       0x9f build/Entry.os
                                 0x21 (size before relaxing)
 .debug_line_str
                0x0000009f       0x7e /usr/lib/gcc/arm-none-eabi/13.2.1/libgcc.a(_udivsi3.o)
 .debug_line_str
                0x0000009f       0x7e /usr/lib/gcc/arm-none-eabi/13.2.1/libgcc.a(_dvmd_tls.o)

.debug_info     0x00000000     0x16f1
 .debug_info    0x00000000       0x25 build/Entry.os
 .debug_info    0x00000025      0x178 build/Main.o
 .debug_info    0x0000019d      0x8d7 build/Regs.o
 .debug_info    0x00000a74      0x946 build/Uart.o
 .debug_info    0x000013ba      0x2bd build/stdio.o
 .debug_info    0x00001677       0x3e /usr/lib/gcc/arm-none-eabi/13.2.1/libgcc.a(_udivsi3.o)
 .debug_info    0x000016b5       0x3c /usr/lib/gcc/arm-none-eabi/13.2.1/libgcc.a(_dvmd_tls.o)

.debug_abbrev   0x00000000      0x552
 .debug_abbrev  0x00000000       0x14 build/Entry.os
 .debug_abbrev  0x00000014      0x125 build/Main.o
 .debug_abbrev  0x00000139      0x101 build/Regs.o
 .debug_abbrev  0x0000023a      0x178 build/Uart.o
 .debug_abbrev  0x000003b2      0x152 build/stdio.o
 .debug_abbrev  0x00000504       0x28 /usr/lib/gcc/arm-none-eabi/13.2.1/libgcc.a(_udivsi3.o)
 .debug_abbrev  0x0000052c       0x26 /usr/lib/gcc/arm-none-eabi/13.2.1/libgcc.a(_dvmd_tls.o)

.debug_aranges  0x00000000       0xd8
 .debug_aranges
                0x00000000       0x20 build/Entry.os
 .debug_aranges
                0x00000020       0x20 build/Main.o
 .debug_aranges
                0x00000040       0x18 build/Regs.o
 .debug_aranges
                0x00000058       0x20 build/Uart.o
 .debug_aranges
                0x00000078       0x20 build/stdio.o
 .debug_aranges
                0x00000098       0x20 /usr/lib/gcc/arm-none-eabi/13.2.1/libgcc.a(_udivsi3.o)
 .debug_aranges
                0x000000b8       0x20 /usr/lib/gcc/arm-none-eabi/13.2.1/libgcc.a(_dvmd_tls.o)

.debug_str      0x00000000      0x599
 .debug_str     0x00000000      0x599 build/Entry.os
                                 0x2d (size before relaxing)
 .debug_str     0x00000599      0x16a build/Main.o
 .debug_str     0x00000599      0x3e2 build/Regs.o
 .debug_str     0x00000599      0x421 build/Uart.o
 .debug_str     0x00000599      0x190 build/stdio.o
 .debug_str     0x00000599       0xa5 /usr/lib/gcc/arm-none-eabi/13.2.1/libgcc.a(_udivsi3.o)
 .debug_str     0x00000599       0xa6 /usr/lib/gcc/arm-none-eabi/13.2.1/libgcc.a(_dvmd_tls.o)

.debug_frame    0x00000000      0x1a8
 .debug_frame   0x00000000       0x6c build/Main.o
 .debug_frame   0x0000006c       0x70 build/Uart.o
 .debug_frame   0x000000dc       0xac build/stdio.o
 .debug_frame   0x00000188       0x20 /usr/lib/gcc/arm-none-eabi/13.2.1/libgcc.a(_udivsi3.o)
